Microchip MPLAB XC8 Compiler V2.46

Linker command line:

-W-3 \
  --edf=C:\Program Files\Microchip\xc8\v2.46\pic\dat\20240104201356_en.msgs \
  -cn -h+dist/default/debug\LTT.X.debug.sym \
  --cmf=dist/default/debug\LTT.X.debug.cmf -z -Q18LF26K83 \
  -oC:\Users\Manav\AppData\Local\Temp\xcAshlo.\driver_tmp_3.o \
  --defsym=__MPLAB_BUILD=1 --fixupoverflow=error \
  -Mdist/default/debug/LTT.X.debug.map \
  --md=C:\Users\Manav\AppData\Local\Temp\xcAshlo.\driver_tmp_0.dat -E1 \
  -ver=XC8 Compiler --acfsm=1493 -ACODE=00h-0FFFFh -ACONST=00h-0FFFFh \
  -ASMALLCONST=01000h-010FFhx240 -AMEDIUMCONST=01000h-0FFFFh \
  -ACOMRAM=01h-05Fh -AABS1=00h-0FFFh -ABIGRAM=01h-0FFFh \
  -ARAM=060h-0FFh,0100h-01FFhx15 -ABANK0=060h-0FFh -ABANK1=0100h-01FFh \
  -ABANK2=0200h-02FFh -ABANK3=0300h-03FFh -ABANK4=0400h-04FFh \
  -ABANK5=0500h-05FFh -ABANK6=0600h-06FFh -ABANK7=0700h-07FFh \
  -ABANK8=0800h-08FFh -ABANK9=0900h-09FFh -ABANK10=0A00h-0AFFh \
  -ABANK11=0B00h-0BFFh -ABANK12=0C00h-0CFFh -ABANK13=0D00h-0DFFh \
  -ABANK14=0E00h-0EFFh -ABANK15=0F00h-0FFFh \
  -ASFR=03700h-037FFhx8,03F00h-03F5Fh,03F60h-03FFFh -ABIGSFR=03700h-03FFFh \
  -ACONFIG=0300000h-0300009h -AIDLOC=0200000h-020000Fh \
  -AEEDATA=0310000h-03103FFh -peeprom_data=EEDATA -preset_vec=00h \
  -ppowerup=CODE,init -pramtop=01000h -psmallconst=SMALLCONST \
  -pmediumconst=MEDIUMCONST -pconst=CONST -AFARRAM=00h-00h \
  -prdata=COMRAM,nvrram=COMRAM,nvbit=COMRAM,rbss=COMRAM,rbit=COMRAM \
  -pfarbss=FARRAM,fardata=FARRAM,nvFARRAM=FARRAM \
  -pintsave_regs=BIGRAM,bigbss=BIGRAM,bigdata=BIGRAM -pbss=RAM \
  -pidata=CODE,irdata=CODE,ibigdata=CODE,ifardata=CODE -prparam=COMRAM \
  C:\Users\Manav\AppData\Local\Temp\xcAshlo.\driver_tmp_9.o \
  dist/default/debug\LTT.X.debug.o 

Object code version is 3.11

Machine type is 18LF26K83



                Name                               Link     Load   Length Selector   Space Scale
C:\Users\Manav\AppData\Local\Temp\xcAshlo.\driver_tmp_9.o
                init                               FFFC     FFFC        4     7FFE       0
                reset_vec                             0        0        4        0       0
dist/default/debug\LTT.X.debug.o
                smallconst                         1000     1000        2      800       0
                text7                              1066     1066       1C      801       0
                text6                              10D2     10D2        8      801       0
                text5                              1044     1044       22      801       0
                text4                              10C4     10C4        E      801       0
                text3                              109C     109C       1A      801       0
                text2                              1082     1082       1A      801       0
                text1                              1002     1002       42      801       0
                text0                              10B6     10B6        E      801       0
                cstackCOMRAM                          1        1        2        1       1
                cinit                              10DA     10DA        6      801       0

TOTAL           Name                               Link     Load   Length     Space
        CLASS   CODE           
                init                               FFFC     FFFC        4         0
                reset_vec                             0        0        4         0
                text7                              1066     1066       1C         0
                text6                              10D2     10D2        8         0
                text5                              1044     1044       22         0
                text4                              10C4     10C4        E         0
                text3                              109C     109C       1A         0
                text2                              1082     1082       1A         0
                text1                              1002     1002       42         0
                text0                              10B6     10B6        E         0
                cinit                              10DA     10DA        6         0

        CLASS   CONST          

        CLASS   SMALLCONST     
                smallconst                         1000     1000        2         0

        CLASS   MEDIUMCONST    

        CLASS   COMRAM         
                cstackCOMRAM                          1        1        2         1

        CLASS   ABS1           

        CLASS   BIGRAM         

        CLASS   RAM            

        CLASS   BANK0          

        CLASS   BANK1          

        CLASS   BANK2          

        CLASS   BANK3          

        CLASS   BANK4          

        CLASS   BANK5          

        CLASS   BANK6          

        CLASS   BANK7          

        CLASS   BANK8          

        CLASS   BANK9          

        CLASS   BANK10         

        CLASS   BANK11         

        CLASS   BANK12         

        CLASS   BANK13         

        CLASS   BANK14         

        CLASS   BANK15         

        CLASS   SFR            

        CLASS   BIGSFR         

        CLASS   CONFIG         

        CLASS   IDLOC          

        CLASS   EEDATA         

        CLASS   FARRAM         

        CLASS   HEAP           

        CLASS   STACK          



SEGMENTS        Name                           Load    Length   Top    Selector   Space  Class

                reset_vec                      000000  000004  000004         0       0  CODE    
                cstackCOMRAM                   000001  000002  000003         1       1  COMRAM  
                smallconst                     001000  000002  001002       800       0  SMALLCON
                text1                          001002  0000DE  0010E0       801       0  CODE    
                init                           00FFFC  000004  010000      7FFE       0  CODE    


UNUSED ADDRESS RANGES

        Name                Unused          Largest block    Delta
        BANK0            00060-000FF              A0
        BANK1            00100-001FF             100
        BANK10           00A00-00AFF             100
        BANK11           00B00-00BFF             100
        BANK12           00C00-00CFF             100
        BANK13           00D00-00DFF             100
        BANK14           00E00-00EFF             100
        BANK15           00F00-00FFF             100
        BANK2            00200-002FF             100
        BANK3            00300-003FF             100
        BANK4            00400-004FF             100
        BANK5            00500-005FF             100
        BANK6            00600-006FF             100
        BANK7            00700-007FF             100
        BANK8            00800-008FF             100
        BANK9            00900-009FF             100
        BIGRAM           00003-00FFF             FFD
        BIGSFR           03700-03FFF             900
        CODE             00004-00FFF             FFC
                         010E0-0FFFB            EF1C
        COMRAM           00003-0005F              5D
        CONFIG           300000-300009               A
        CONST            00004-00FFF             FFC
                         010E0-0FFFB            EF1C
        EEDATA           310000-3103FF             400
        IDLOC            200000-20000F              10
        MEDIUMCONST      010E0-0FFFB            EF1C
        RAM              00060-00FFF             100
        SFR              03700-03FFF             100
        SMALLCONST       010E0-0FFFB             100

                                  Symbol Table

Read_CC1200@reg          cstackCOMRAM 00002
Read_SPI@data            cstackCOMRAM 00001
Write_SPI@data           cstackCOMRAM 00001
_ADCON0bits              (abs)        03EF8
_ADC_Init                text7        01066
_ADPCH                   (abs)        03EF1
_ADRESH                  (abs)        03EF0
_ADRESL                  (abs)        03EEF
_ANSELAbits              (abs)        03A40
_Board_Init              text4        010C4
_LATA2                   (abs)        1FDD2
_LATA3                   (abs)        1FDD3
_LATA4                   (abs)        1FDD4
_LATA5                   (abs)        1FDD5
_LATAbits                (abs)        03FBA
_LEDs_Init               text6        010D2
_PORTCbits               (abs)        03FCC
_Read_CC1200             text1        01002
_Read_SPI                text3        0109C
_SPI1BAUD                (abs)        03D19
_SPI1CON0bits            (abs)        03D14
_SPI1CON1bits            (abs)        03D15
_SPI1CON2bits            (abs)        03D16
_SPI1RXB                 (abs)        03D10
_SPI1STATUSbits          (abs)        03D17
_SPI1TXB                 (abs)        03D11
_SPI_Init                text5        01044
_TRISAbits               (abs)        03FC2
_TRISCbits               (abs)        03FC4
_Write_SPI               text2        01082
__HRAM                   (abs)        00000
__H__absolute__          __absolute__ 00000
__Habs1                  abs1         00000
__Hbank0                 bank0        00000
__Hbank1                 bank1        00000
__Hbank10                bank10       00000
__Hbank11                bank11       00000
__Hbank12                bank12       00000
__Hbank13                bank13       00000
__Hbank14                bank14       00000
__Hbank15                bank15       00000
__Hbank2                 bank2        00000
__Hbank3                 bank3        00000
__Hbank4                 bank4        00000
__Hbank5                 bank5        00000
__Hbank6                 bank6        00000
__Hbank7                 bank7        00000
__Hbank8                 bank8        00000
__Hbank9                 bank9        00000
__Hbigbss                bigbss       00000
__Hbigdata               bigdata      00000
__Hbigram                bigram       00000
__Hbigsfr                bigsfr       00000
__Hbss                   bss          00000
__Hcinit                 cinit        00000
__Hclrtext               clrtext      00000
__Hcomram                comram       00000
__Hconfig                config       00000
__Hconst                 const        00000
__HcstackCOMRAM          cstackCOMRAM 00000
__Hdata                  data         00000
__Heeprom_data           eeprom_data  00000
__Hfarbss                farbss       00000
__Hfardata               fardata      00000
__Hheap                  heap         00000
__Hibigdata              ibigdata     00000
__Hidata                 idata        00000
__Hidloc                 idloc        00000
__Hifardata              ifardata     00000
__Hinit                  init         10000
__Hintsave_regs          intsave_regs 00000
__Hirdata                irdata       00000
__Hmediumconst           mediumconst  00000
__HnvFARRAM              nvFARRAM     00000
__Hnvbit                 nvbit        00000
__Hnvrram                nvrram       00000
__Hparam                 rparam       00000
__Hpowerup               powerup      00000
__Hram                   ram          00000
__Hramtop                ramtop       01000
__Hrbit                  rbit         00000
__Hrbss                  rbss         00000
__Hrdata                 rdata        00000
__Hreset_vec             reset_vec    00004
__Hrparam                rparam       00000
__Hsfr                   sfr          00000
__Hsmallconst            smallconst   01002
__Hspace_0               (abs)        10000
__Hspace_1               (abs)        00003
__Hspace_2               (abs)        00000
__Hspace_4               (abs)        00000
__Hstack                 stack        00000
__Hstruct                struct       00000
__Htemp                  temp         00000
__Htext                  text         00000
__Htext0                 text0        00000
__Htext1                 text1        00000
__Htext2                 text2        00000
__Htext3                 text3        00000
__Htext4                 text4        00000
__Htext5                 text5        00000
__Htext6                 text6        00000
__Htext7                 text7        00000
__LRAM                   (abs)        00001
__L__absolute__          __absolute__ 00000
__Labs1                  abs1         00000
__Lbank0                 bank0        00000
__Lbank1                 bank1        00000
__Lbank10                bank10       00000
__Lbank11                bank11       00000
__Lbank12                bank12       00000
__Lbank13                bank13       00000
__Lbank14                bank14       00000
__Lbank15                bank15       00000
__Lbank2                 bank2        00000
__Lbank3                 bank3        00000
__Lbank4                 bank4        00000
__Lbank5                 bank5        00000
__Lbank6                 bank6        00000
__Lbank7                 bank7        00000
__Lbank8                 bank8        00000
__Lbank9                 bank9        00000
__Lbigbss                bigbss       00000
__Lbigdata               bigdata      00000
__Lbigram                bigram       00000
__Lbigsfr                bigsfr       00000
__Lbss                   bss          00000
__Lcinit                 cinit        00000
__Lclrtext               clrtext      00000
__Lcomram                comram       00000
__Lconfig                config       00000
__Lconst                 const        00000
__LcstackCOMRAM          cstackCOMRAM 00000
__Ldata                  data         00000
__Leeprom_data           eeprom_data  00000
__Lfarbss                farbss       00000
__Lfardata               fardata      00000
__Lheap                  heap         00000
__Libigdata              ibigdata     00000
__Lidata                 idata        00000
__Lidloc                 idloc        00000
__Lifardata              ifardata     00000
__Linit                  init         0FFFC
__Lintsave_regs          intsave_regs 00000
__Lirdata                irdata       00000
__Lmediumconst           mediumconst  00000
__LnvFARRAM              nvFARRAM     00000
__Lnvbit                 nvbit        00000
__Lnvrram                nvrram       00000
__Lparam                 rparam       00000
__Lpowerup               powerup      00000
__Lram                   ram          00000
__Lramtop                ramtop       01000
__Lrbit                  rbit         00000
__Lrbss                  rbss         00000
__Lrdata                 rdata        00000
__Lreset_vec             reset_vec    00000
__Lrparam                rparam       00000
__Lsfr                   sfr          00000
__Lsmallconst            smallconst   01000
__Lspace_0               (abs)        00000
__Lspace_1               (abs)        00000
__Lspace_2               (abs)        00000
__Lspace_4               (abs)        00000
__Lstack                 stack        00000
__Lstruct                struct       00000
__Ltemp                  temp         00000
__Ltext                  text         00000
__Ltext0                 text0        00000
__Ltext1                 text1        00000
__Ltext2                 text2        00000
__Ltext3                 text3        00000
__Ltext4                 text4        00000
__Ltext5                 text5        00000
__Ltext6                 text6        00000
__Ltext7                 text7        00000
__S0                     (abs)        10000
__S1                     (abs)        00003
__S4                     (abs)        00000
__S5                     (abs)        00000
___heap_hi               (abs)        00000
___heap_lo               (abs)        00000
___inthi_sp              stack        00000
___inthi_stack_hi        stack        00000
___inthi_stack_lo        stack        00000
___intlo_sp              stack        00000
___intlo_stack_hi        stack        00000
___intlo_stack_lo        stack        00000
___param_bank            (abs)        00000
___rparam_used           (abs)        00001
___sp                    stack        00000
___stack_hi              stack        00000
___stack_lo              stack        00000
__accesstop              (abs)        00060
__activetblptr           (abs)        00000
__end_of_ADC_Init        text7        01082
__end_of_Board_Init      text4        010D2
__end_of_LEDs_Init       text6        010DA
__end_of_Read_CC1200     text1        01044
__end_of_Read_SPI        text3        010B6
__end_of_SPI_Init        text5        01066
__end_of_Write_SPI       text2        0109C
__end_of__initialization cinit        010DA
__end_of_main            text0        010C4
__initialization         cinit        010DA
__mediumconst            mediumconst  00000
__pcinit                 cinit        010DA
__pcstackCOMRAM          cstackCOMRAM 00001
__psmallconst            smallconst   01000
__ptext0                 text0        010B6
__ptext1                 text1        01002
__ptext2                 text2        01082
__ptext3                 text3        0109C
__ptext4                 text4        010C4
__ptext5                 text5        01044
__ptext6                 text6        010D2
__ptext7                 text7        01066
__ramtop                 ramtop       01000
__smallconst             smallconst   01000
_main                    text0        010B6
end_of_initialization    cinit        010DA
intlevel0                text         00000
intlevel1                text         00000
intlevel2                text         00000
intlevel3                text         00000
isa$std                  (abs)        00001
isa$xinst                (abs)        00000
stackhi                  (abs)        00000
stacklo                  (abs)        00000
start                    init         0FFFC
start_initialization     cinit        010DA


MODULE INFORMATION

Module		Function		Class		Link	Load	Size
cc1200.c
		_Read_CC1200   		CODE           	1002	0000	66

cc1200.c estimated size: 66

adc.c
		_ADC_Init      		CODE           	1066	0000	28

adc.c estimated size: 28

spi.c
		_Write_SPI     		CODE           	1082	0000	26
		_SPI_Init      		CODE           	1044	0000	34
		_Read_SPI      		CODE           	109C	0000	26

spi.c estimated size: 86

shared
		__initialization		CODE           	10DA	0000	1

shared estimated size: 1

leds.c
		_LEDs_Init     		CODE           	10D2	0000	8

leds.c estimated size: 8

main.c
		_Board_Init    		CODE           	10C4	0000	14
		_main          		CODE           	10B6	0000	14

main.c estimated size: 28

