Microchip MPLAB XC8 Compiler V2.46

Linker command line:

-W-3 \
  --edf=C:\Program Files\Microchip\xc8\v2.46\pic\dat\20240104201356_en.msgs \
  -cn -h+dist/default/production\LTT.X.production.sym \
  --cmf=dist/default/production\LTT.X.production.cmf -z -Q18F26K83 \
  -oC:\Users\Manav\AppData\Local\Temp\xcAs860.\driver_tmp_3.o \
  --defsym=__MPLAB_BUILD=1 --fixupoverflow=error \
  -Mdist/default/production/LTT.X.production.map \
  --md=C:\Users\Manav\AppData\Local\Temp\xcAs860.\driver_tmp_0.dat -E1 \
  -ver=XC8 Compiler --acfsm=1493 -ACODE=00h-0FFFFh -ACONST=00h-0FFFFh \
  -ASMALLCONST=01000h-010FFhx240 -AMEDIUMCONST=01000h-0FFFFh \
  -ACOMRAM=01h-05Fh -AABS1=00h-0FFFh -ABIGRAM=01h-0FFFh \
  -ARAM=060h-0FFh,0100h-01FFhx15 -ABANK0=060h-0FFh -ABANK1=0100h-01FFh \
  -ABANK2=0200h-02FFh -ABANK3=0300h-03FFh -ABANK4=0400h-04FFh \
  -ABANK5=0500h-05FFh -ABANK6=0600h-06FFh -ABANK7=0700h-07FFh \
  -ABANK8=0800h-08FFh -ABANK9=0900h-09FFh -ABANK10=0A00h-0AFFh \
  -ABANK11=0B00h-0BFFh -ABANK12=0C00h-0CFFh -ABANK13=0D00h-0DFFh \
  -ABANK14=0E00h-0EFFh -ABANK15=0F00h-0FFFh \
  -ASFR=03700h-037FFhx8,03F00h-03F5Fh,03F60h-03FFFh -ABIGSFR=03700h-03FFFh \
  -ACONFIG=0300000h-0300009h -AIDLOC=0200000h-020000Fh \
  -AEEDATA=0310000h-03103FFh -peeprom_data=EEDATA -preset_vec=00h \
  -ppowerup=CODE,init -pramtop=01000h -psmallconst=SMALLCONST \
  -pmediumconst=MEDIUMCONST -pconst=CONST -AFARRAM=00h-00h \
  -prdata=COMRAM,nvrram=COMRAM,nvbit=COMRAM,rbss=COMRAM,rbit=COMRAM \
  -pfarbss=FARRAM,fardata=FARRAM,nvFARRAM=FARRAM \
  -pintsave_regs=BIGRAM,bigbss=BIGRAM,bigdata=BIGRAM -pbss=RAM \
  -pidata=CODE,irdata=CODE,ibigdata=CODE,ifardata=CODE -prparam=COMRAM \
  C:\Users\Manav\AppData\Local\Temp\xcAs860.\driver_tmp_9.o \
  dist/default/production\LTT.X.production.o 

Object code version is 3.11

Machine type is 18F26K83



                Name                               Link     Load   Length Selector   Space Scale
C:\Users\Manav\AppData\Local\Temp\xcAs860.\driver_tmp_9.o
                config                           300000   300000        6        0       4
                init                               FFFC     FFFC        4     7FFE       0
                reset_vec                             0        0        4        0       0
dist/default/production\LTT.X.production.o
                config                           300000   300000        6        0       4
                smallconst                         1000     1000        2      800       0
                text18                             183E     183E       1C      801       0
                text17                             1002     1002      1BC      801       0
                text16                             1358     1358      130      801       0
                text15                             15BC     15BC       74      801       0
                text14                             1630     1630       70      801       0
                text13                             17A2     17A2       32      801       0
                text12                             16A0     16A0       5E      801       0
                text11                             1896     1896        8      801       0
                text10                             1758     1758       4A      801       0
                text9                              185A     185A       12      801       0
                text8                              181E     181E       20      801       0
                text7                              1488     1488       B6      801       0
                text6                              16FE     16FE       5A      801       0
                text5                              11BE     11BE      19A      801       0
                text4                              17D4     17D4       28      801       0
                text3                              1888     1888        E      801       0
                text2                              187A     187A        E      801       0
                text1                              186C     186C        E      801       0
                text0                              153E     153E       7E      801       0
                cstackCOMRAM                          1        1       2E        1       1
                bssBANK1                            100      100       C8      100       1
                bssCOMRAM                            2F       2F       20        1       1
                cinit                              17FC     17FC       22      801       0

TOTAL           Name                               Link     Load   Length     Space
        CLASS   CODE           
                init                               FFFC     FFFC        4         0
                reset_vec                             0        0        4         0
                text18                             183E     183E       1C         0
                text17                             1002     1002      1BC         0
                text16                             1358     1358      130         0
                text15                             15BC     15BC       74         0
                text14                             1630     1630       70         0
                text13                             17A2     17A2       32         0
                text12                             16A0     16A0       5E         0
                text11                             1896     1896        8         0
                text10                             1758     1758       4A         0
                text9                              185A     185A       12         0
                text8                              181E     181E       20         0
                text7                              1488     1488       B6         0
                text6                              16FE     16FE       5A         0
                text5                              11BE     11BE      19A         0
                text4                              17D4     17D4       28         0
                text3                              1888     1888        E         0
                text2                              187A     187A        E         0
                text1                              186C     186C        E         0
                text0                              153E     153E       7E         0
                cinit                              17FC     17FC       22         0

        CLASS   CONST          

        CLASS   SMALLCONST     
                smallconst                         1000     1000        2         0

        CLASS   MEDIUMCONST    

        CLASS   COMRAM         
                cstackCOMRAM                          1        1       2E         1
                bssCOMRAM                            2F       2F       20         1

        CLASS   ABS1           

        CLASS   BIGRAM         

        CLASS   RAM            

        CLASS   BANK0          

        CLASS   BANK1          
                bssBANK1                            100      100       C8         1

        CLASS   BANK2          

        CLASS   BANK3          

        CLASS   BANK4          

        CLASS   BANK5          

        CLASS   BANK6          

        CLASS   BANK7          

        CLASS   BANK8          

        CLASS   BANK9          

        CLASS   BANK10         

        CLASS   BANK11         

        CLASS   BANK12         

        CLASS   BANK13         

        CLASS   BANK14         

        CLASS   BANK15         

        CLASS   SFR            

        CLASS   BIGSFR         

        CLASS   CONFIG         
                config                           300000   300000        6         4

        CLASS   IDLOC          

        CLASS   EEDATA         

        CLASS   FARRAM         

        CLASS   HEAP           

        CLASS   STACK          



SEGMENTS        Name                           Load    Length   Top    Selector   Space  Class

                reset_vec                      000000  000004  000004         0       0  CODE    
                cstackCOMRAM                   000001  00004E  00004F         1       1  COMRAM  
                bssBANK1                       000100  0000C8  0001C8       100       1  BANK1   
                smallconst                     001000  000002  001002       800       0  SMALLCON
                text17                         001002  00089C  00189E       801       0  CODE    
                init                           00FFFC  000004  010000      7FFE       0  CODE    


UNUSED ADDRESS RANGES

        Name                Unused          Largest block    Delta
        BANK0            000060-0000FF               A0
        BANK1            0001C8-0001FF               38
        BANK10           000A00-000AFF              100
        BANK11           000B00-000BFF              100
        BANK12           000C00-000CFF              100
        BANK13           000D00-000DFF              100
        BANK14           000E00-000EFF              100
        BANK15           000F00-000FFF              100
        BANK2            000200-0002FF              100
        BANK3            000300-0003FF              100
        BANK4            000400-0004FF              100
        BANK5            000500-0005FF              100
        BANK6            000600-0006FF              100
        BANK7            000700-0007FF              100
        BANK8            000800-0008FF              100
        BANK9            000900-0009FF              100
        BIGRAM           00004F-0000FF               B1
                         0001C8-000FFF              E38
        BIGSFR           003700-003FFF              900
        CODE             000004-000FFF              FFC
                         00189E-00FFFB             E75E
        COMRAM           00004F-00005F               11
        CONFIG           300006-300009                4
        CONST            000004-000FFF              FFC
                         00189E-00FFFB             E75E
        EEDATA           310000-3103FF              400
        IDLOC            200000-20000F               10
        MEDIUMCONST      00189E-00FFFB             E75E
        RAM              000060-0000FF               A0
                         0001C8-000FFF              100
        SFR              003700-003FFF              100
        SMALLCONST       00189E-00FFFB              100

                                  Symbol Table

?___lwdiv                                cstackCOMRAM 000001
?_read_ADC                               cstackCOMRAM 000001
CAN_Init@can_setup                       cstackCOMRAM 000017
Osc_Init@i                               cstackCOMRAM 000001
_ADCON0bits                              (abs)        003EF8
_ADC_Init                                text18       00183E
_ADPCH                                   (abs)        003EF1
_ADRESH                                  (abs)        003EF0
_ADRESL                                  (abs)        003EEF
_ANSELAbits                              (abs)        003A40
_ANSELC0                                 (abs)        01D300
_BRGCON1bits                             (abs)        003703
_BRGCON2bits                             (abs)        003704
_BRGCON3bits                             (abs)        003705
_Board_Init                              text9        00185A
_CANCONbits                              (abs)        003F8F
_CANRXPPS                                (abs)        003AED
_CANSTATbits                             (abs)        003F8E
_CAN_Init                                text12       0016A0
_CIOCONbits                              (abs)        003700
_COMSTATbits                             (abs)        003F90
_ECANCONbits                             (abs)        003F91
_INTCON0bits                             (abs)        003FD2
_LATA2                                   (abs)        01FDD2
_LATA3                                   (abs)        01FDD3
_LATA4                                   (abs)        01FDD4
_LATA5                                   (abs)        01FDD5
_LATAbits                                (abs)        003FBA
_LEDs_Init                               text11       001896
_OSCCON1                                 (abs)        0039D9
_OSCCON2                                 (abs)        0039DA
_OSCCON3bits                             (abs)        0039DB
_Osc_Init                                text10       001758
_PIE3bits                                (abs)        003993
_PIE5bits                                (abs)        003995
_PIR5bits                                (abs)        0039A5
_PORTCbits                               (abs)        003FCC
_RC1PPS                                  (abs)        003A11
_RXB0CONbits                             (abs)        003F80
_RXB0D0                                  (abs)        003F86
_RXB0DLCbits                             (abs)        003F85
_RXB0EIDH                                (abs)        003F83
_RXB0EIDL                                (abs)        003F84
_RXB0SIDH                                (abs)        003F81
_RXB0SIDL                                (abs)        003F82
_RXB1CONbits                             (abs)        0037F0
_RXB1D0                                  (abs)        0037F6
_RXB1DLCbits                             (abs)        0037F5
_RXB1EIDH                                (abs)        0037F3
_RXB1EIDL                                (abs)        0037F4
_RXB1SIDH                                (abs)        0037F1
_RXB1SIDL                                (abs)        0037F2
_RXM0SIDH                                (abs)        0037B8
_RXM0SIDL                                (abs)        0037B9
_RXM1SIDH                                (abs)        0037BC
_RXM1SIDL                                (abs)        0037BD
_SPI1BAUD                                (abs)        003D19
_SPI1CON0bits                            (abs)        003D14
_SPI1CON1bits                            (abs)        003D15
_SPI1CON2bits                            (abs)        003D16
_SPI1RXB                                 (abs)        003D10
_SPI1STATUSbits                          (abs)        003D17
_SPI1TXB                                 (abs)        003D11
_T0CON0bits                              (abs)        003FB8
_T0CON1bits                              (abs)        003FB9
_TRISAbits                               (abs)        003FC2
_TRISC0                                  (abs)        01FE20
_TRISC1                                  (abs)        01FE21
_TRISCbits                               (abs)        003FC4
_TXB0CONbits                             (abs)        0037E0
_TXB0D0                                  (abs)        0037E6
_TXB0DLCbits                             (abs)        0037E5
_TXB0EIDH                                (abs)        0037E3
_TXB0EIDL                                (abs)        0037E4
_TXB0SIDH                                (abs)        0037E1
_TXB0SIDL                                (abs)        0037E2
__HRAM                                   (abs)        000000
__H__absolute__                          __absolute__ 000000
__Habs1                                  abs1         000000
__Hbank0                                 bank0        000000
__Hbank1                                 bank1        000000
__Hbank10                                bank10       000000
__Hbank11                                bank11       000000
__Hbank12                                bank12       000000
__Hbank13                                bank13       000000
__Hbank14                                bank14       000000
__Hbank15                                bank15       000000
__Hbank2                                 bank2        000000
__Hbank3                                 bank3        000000
__Hbank4                                 bank4        000000
__Hbank5                                 bank5        000000
__Hbank6                                 bank6        000000
__Hbank7                                 bank7        000000
__Hbank8                                 bank8        000000
__Hbank9                                 bank9        000000
__Hbigbss                                bigbss       000000
__Hbigdata                               bigdata      000000
__Hbigram                                bigram       000000
__Hbigsfr                                bigsfr       000000
__Hbss                                   bss          000000
__HbssBANK1                              bssBANK1     000000
__HbssCOMRAM                             bssCOMRAM    000000
__Hcinit                                 cinit        000000
__Hclrtext                               clrtext      000000
__Hcomram                                comram       000000
__Hconfig                                config       300006
__Hconst                                 const        000000
__HcstackCOMRAM                          cstackCOMRAM 000000
__Hdata                                  data         000000
__Heeprom_data                           eeprom_data  000000
__Hfarbss                                farbss       000000
__Hfardata                               fardata      000000
__Hheap                                  heap         000000
__Hibigdata                              ibigdata     000000
__Hidata                                 idata        000000
__Hidloc                                 idloc        000000
__Hifardata                              ifardata     000000
__Hinit                                  init         010000
__Hintsave_regs                          intsave_regs 000000
__Hirdata                                irdata       000000
__Hmediumconst                           mediumconst  000000
__HnvFARRAM                              nvFARRAM     000000
__Hnvbit                                 nvbit        000000
__Hnvrram                                nvrram       000000
__Hparam                                 rparam       000000
__Hpowerup                               powerup      000000
__Hram                                   ram          000000
__Hramtop                                ramtop       001000
__Hrbit                                  rbit         000000
__Hrbss                                  rbss         000000
__Hrdata                                 rdata        000000
__Hreset_vec                             reset_vec    000004
__Hrparam                                rparam       000000
__Hsfr                                   sfr          000000
__Hsmallconst                            smallconst   001002
__Hspace_0                               (abs)        010000
__Hspace_1                               (abs)        0001C8
__Hspace_2                               (abs)        000000
__Hspace_4                               (abs)        600006
__Hstack                                 stack        000000
__Hstruct                                struct       000000
__Htemp                                  temp         000000
__Htext                                  text         000000
__Htext0                                 text0        000000
__Htext1                                 text1        000000
__Htext10                                text10       000000
__Htext11                                text11       000000
__Htext12                                text12       000000
__Htext13                                text13       000000
__Htext14                                text14       000000
__Htext15                                text15       000000
__Htext16                                text16       000000
__Htext17                                text17       000000
__Htext18                                text18       000000
__Htext2                                 text2        000000
__Htext3                                 text3        000000
__Htext4                                 text4        000000
__Htext5                                 text5        000000
__Htext6                                 text6        000000
__Htext7                                 text7        000000
__Htext8                                 text8        000000
__Htext9                                 text9        000000
__LRAM                                   (abs)        000001
__L__absolute__                          __absolute__ 000000
__Labs1                                  abs1         000000
__Lbank0                                 bank0        000000
__Lbank1                                 bank1        000000
__Lbank10                                bank10       000000
__Lbank11                                bank11       000000
__Lbank12                                bank12       000000
__Lbank13                                bank13       000000
__Lbank14                                bank14       000000
__Lbank15                                bank15       000000
__Lbank2                                 bank2        000000
__Lbank3                                 bank3        000000
__Lbank4                                 bank4        000000
__Lbank5                                 bank5        000000
__Lbank6                                 bank6        000000
__Lbank7                                 bank7        000000
__Lbank8                                 bank8        000000
__Lbank9                                 bank9        000000
__Lbigbss                                bigbss       000000
__Lbigdata                               bigdata      000000
__Lbigram                                bigram       000000
__Lbigsfr                                bigsfr       000000
__Lbss                                   bss          000000
__LbssBANK1                              bssBANK1     000000
__LbssCOMRAM                             bssCOMRAM    000000
__Lcinit                                 cinit        000000
__Lclrtext                               clrtext      000000
__Lcomram                                comram       000000
__Lconfig                                config       000000
__Lconst                                 const        000000
__LcstackCOMRAM                          cstackCOMRAM 000000
__Ldata                                  data         000000
__Leeprom_data                           eeprom_data  000000
__Lfarbss                                farbss       000000
__Lfardata                               fardata      000000
__Lheap                                  heap         000000
__Libigdata                              ibigdata     000000
__Lidata                                 idata        000000
__Lidloc                                 idloc        000000
__Lifardata                              ifardata     000000
__Linit                                  init         00FFFC
__Lintsave_regs                          intsave_regs 000000
__Lirdata                                irdata       000000
__Lmediumconst                           mediumconst  000000
__LnvFARRAM                              nvFARRAM     000000
__Lnvbit                                 nvbit        000000
__Lnvrram                                nvrram       000000
__Lparam                                 rparam       000000
__Lpowerup                               powerup      000000
__Lram                                   ram          000000
__Lramtop                                ramtop       001000
__Lrbit                                  rbit         000000
__Lrbss                                  rbss         000000
__Lrdata                                 rdata        000000
__Lreset_vec                             reset_vec    000000
__Lrparam                                rparam       000000
__Lsfr                                   sfr          000000
__Lsmallconst                            smallconst   001000
__Lspace_0                               (abs)        000000
__Lspace_1                               (abs)        000000
__Lspace_2                               (abs)        000000
__Lspace_4                               (abs)        000000
__Lstack                                 stack        000000
__Lstruct                                struct       000000
__Ltemp                                  temp         000000
__Ltext                                  text         000000
__Ltext0                                 text0        000000
__Ltext1                                 text1        000000
__Ltext10                                text10       000000
__Ltext11                                text11       000000
__Ltext12                                text12       000000
__Ltext13                                text13       000000
__Ltext14                                text14       000000
__Ltext15                                text15       000000
__Ltext16                                text16       000000
__Ltext17                                text17       000000
__Ltext18                                text18       000000
__Ltext2                                 text2        000000
__Ltext3                                 text3        000000
__Ltext4                                 text4        000000
__Ltext5                                 text5        000000
__Ltext6                                 text6        000000
__Ltext7                                 text7        000000
__Ltext8                                 text8        000000
__Ltext9                                 text9        000000
__S0                                     (abs)        010000
__S1                                     (abs)        0001C8
__S4                                     (abs)        000000
__S5                                     (abs)        000000
___heap_hi                               (abs)        000000
___heap_lo                               (abs)        000000
___inthi_sp                              stack        000000
___inthi_stack_hi                        stack        000000
___inthi_stack_lo                        stack        000000
___intlo_sp                              stack        000000
___intlo_stack_hi                        stack        000000
___intlo_stack_lo                        stack        000000
___lwdiv                                 text15       0015BC
___lwdiv@counter                         cstackCOMRAM 000007
___lwdiv@dividend                        cstackCOMRAM 000001
___lwdiv@divisor                         cstackCOMRAM 000003
___lwdiv@quotient                        cstackCOMRAM 000005
___param_bank                            (abs)        000000
___rparam_used                           (abs)        000001
___sp                                    stack        000000
___stack_hi                              stack        000000
___stack_lo                              stack        000000
__accesstop                              (abs)        000060
__activetblptr                           (abs)        000002
__end_of_ADC_Init                        text18       00185A
__end_of_Board_Init                      text9        00186C
__end_of_CAN_Init                        text12       0016FE
__end_of_LEDs_Init                       text11       00189E
__end_of_Osc_Init                        text10       0017A2
__end_of___lwdiv                         text15       001630
__end_of__initialization                 cinit        001814
__end_of_build_analog_data_msg           text7        00153E
__end_of_can_generate_timing_params      text17       0011BE
__end_of_can_init                        text16       001488
__end_of_can_send                        text5        001358
__end_of_main                            text0        0015BC
__end_of_memcpy                          text6        001758
__end_of_read_ADC                        text4        0017FC
__end_of_srb_init                        text14       0016A0
__end_of_toggle_LED_Blue                 text3        001896
__end_of_toggle_LED_Green                text2        001888
__end_of_toggle_LED_Red                  text1        00187A
__end_of_txb_init                        text13       0017D4
__end_of_write_timestamp_2bytes          text8        00183E
__initialization                         cinit        0017FC
__mediumconst                            mediumconst  000000
__pbssBANK1                              bssBANK1     000100
__pbssCOMRAM                             bssCOMRAM    00002F
__pcinit                                 cinit        0017FC
__pcstackCOMRAM                          cstackCOMRAM 000001
__psmallconst                            smallconst   001000
__ptext0                                 text0        00153E
__ptext1                                 text1        00186C
__ptext10                                text10       001758
__ptext11                                text11       001896
__ptext12                                text12       0016A0
__ptext13                                text13       0017A2
__ptext14                                text14       001630
__ptext15                                text15       0015BC
__ptext16                                text16       001358
__ptext17                                text17       001002
__ptext18                                text18       00183E
__ptext2                                 text2        00187A
__ptext3                                 text3        001888
__ptext4                                 text4        0017D4
__ptext5                                 text5        0011BE
__ptext6                                 text6        0016FE
__ptext7                                 text7        001488
__ptext8                                 text8        00181E
__ptext9                                 text9        00185A
__ramtop                                 ramtop       001000
__smallconst                             smallconst   001000
_buf                                     bssCOMRAM    000045
_buf@can_tx_buffer$F1555                 bssCOMRAM    00003B
_build_analog_data_msg                   text7        001488
_can_generate_timing_params              text17       001002
_can_init                                text16       001358
_can_msg_handler                         (abs)        000000
_can_rcv_cb                              bssCOMRAM    000037
_can_send                                text5        0011BE
_can_send_rdy                            (abs)        000000
_ctx                                     bssCOMRAM    000033
_main                                    text0        00153E
_memcpy                                  text6        0016FE
_millis_counter                          bssCOMRAM    00002F
_overflow_flag                           bssCOMRAM    00003A
_read_ADC                                text4        0017D4
_srb_init                                text14       001630
_toggle_LED_Blue                         text3        001888
_toggle_LED_Green                        text2        00187A
_toggle_LED_Red                          text1        00186C
_tx_pool                                 bssBANK1     000100
_txb_init                                text13       0017A2
_write_timestamp_2bytes                  text8        00181E
build_analog_data_msg@output             cstackCOMRAM 000009
build_analog_data_msg@prio               cstackCOMRAM 000012
build_analog_data_msg@sensor_data        cstackCOMRAM 000007
build_analog_data_msg@sensor_id          cstackCOMRAM 000006
build_analog_data_msg@timestamp          cstackCOMRAM 000004
can_generate_timing_params@can_frequency cstackCOMRAM 000001
can_generate_timing_params@timing        cstackCOMRAM 000005
can_init@receive_callback                cstackCOMRAM 000002
can_init@timing                          cstackCOMRAM 000001
can_send@message                         cstackCOMRAM 00000C
end_of_initialization                    cinit        001814
intlevel0                                text         000000
intlevel1                                text         000000
intlevel2                                text         000000
intlevel3                                text         000000
isa$std                                  (abs)        000001
isa$xinst                                (abs)        000000
main@bob                                 cstackCOMRAM 000022
main@curVal                              cstackCOMRAM 000020
memcpy@d                                 cstackCOMRAM 000007
memcpy@d1                                cstackCOMRAM 000001
memcpy@n                                 cstackCOMRAM 000005
memcpy@s                                 cstackCOMRAM 000009
memcpy@s1                                cstackCOMRAM 000003
memcpy@tmp                               cstackCOMRAM 00000B
read_ADC@result                          cstackCOMRAM 000005
srb_init@ctx                             cstackCOMRAM 000008
srb_init@element_size                    cstackCOMRAM 00000D
srb_init@pool                            cstackCOMRAM 000009
srb_init@pool_size                       cstackCOMRAM 00000B
stackhi                                  (abs)        000000
stacklo                                  (abs)        000000
start                                    init         00FFFC
start_initialization                     cinit        0017FC
timer0_handle_interrupt@internal_count   bssCOMRAM    000039
toggle_LED_Blue@LED_On                   cstackCOMRAM 000001
toggle_LED_Green@LED_On                  cstackCOMRAM 000001
toggle_LED_Red@LED_On                    cstackCOMRAM 000001
txb_init@can_send_fp                     cstackCOMRAM 000013
txb_init@can_tx_ready                    cstackCOMRAM 000015
txb_init@pool                            cstackCOMRAM 00000F
txb_init@pool_size                       cstackCOMRAM 000011
write_timestamp_2bytes@output            cstackCOMRAM 000003
write_timestamp_2bytes@timestamp         cstackCOMRAM 000001


MODULE INFORMATION

Module		Function		Class		Link	Load	Size
canlib/pic18f26k83/pic18f26k83_can.c
		_can_init      		CODE           	1358	0000	304
		_can_send      		CODE           	11BE	0000	410

canlib/pic18f26k83/pic18f26k83_can.c estimated size: 714

canlib/util/can_tx_buffer.c
		_txb_init      		CODE           	17A2	0000	50

canlib/util/can_tx_buffer.c estimated size: 50

C:\Program Files\Microchip\xc8\v2.46\pic\sources\c99\common\lwdiv.c
		___lwdiv       		CODE           	15BC	0000	116

C:\Program Files\Microchip\xc8\v2.46\pic\sources\c99\common\lwdiv.c estimated size: 116

canlib/util/timing_util.c
		_can_generate_timing_params		CODE           	1002	0000	444

canlib/util/timing_util.c estimated size: 444

canlib/message/msg_common.c
		_write_timestamp_2bytes		CODE           	181E	0000	32

canlib/message/msg_common.c estimated size: 32

clockInit.c
		_Osc_Init      		CODE           	1758	0000	74

clockInit.c estimated size: 74

adc.c
		_read_ADC      		CODE           	17D4	0000	40
		_ADC_Init      		CODE           	183E	0000	28

adc.c estimated size: 68

canlib/util/safe_ring_buffer.c
		_srb_init      		CODE           	1630	0000	112

canlib/util/safe_ring_buffer.c estimated size: 112

shared
		__initialization		CODE           	17FC	0000	24

shared estimated size: 24

leds.c
		_toggle_LED_Blue		CODE           	1888	0000	14
		_LEDs_Init     		CODE           	1896	0000	8
		_toggle_LED_Green		CODE           	187A	0000	14
		_toggle_LED_Red		CODE           	186C	0000	14

leds.c estimated size: 50

canlib/message/msg_sensor.c
		_build_analog_data_msg		CODE           	1488	0000	182

canlib/message/msg_sensor.c estimated size: 182

C:\Program Files\Microchip\xc8\v2.46\pic\sources\c99\common\memcpy.c
		_memcpy        		CODE           	16FE	0000	90

C:\Program Files\Microchip\xc8\v2.46\pic\sources\c99\common\memcpy.c estimated size: 90

main.c
		_Board_Init    		CODE           	185A	0000	18
		_main          		CODE           	153E	0000	126
		_CAN_Init      		CODE           	16A0	0000	94

main.c estimated size: 238

